
  verbose.log:422:[        ] [=======================================] 100% Fetch remote repository...       
> verbose.log:423:[ +280 ms] Tasks to be executed: [task ':android_alarm_manager_plus:preBuild', task ':android_alarm_manager_plus:preDebugBuild', task ':android_alarm_manager_plus:mergeDebugJniLibFolders', task ':android_alarm_manager_plus:mergeDebugNativeLibs', task ':android_alarm_manager_plus:stripDebugDebugSymbols', task ':android_alarm_manager_plus:copyDebugJniLibsProjectAndLocalJars', task ':android_alarm_manager_plus:checkKotlinGradlePluginConfigurationErrors', task ':android_alarm_manager_plus:generateDebugResValues', task ':android_alarm_manager_plus:generateDebugResources', task ':android_alarm_manager_plus:packageDebugResources', task ':android_alarm_manager_plus:parseDebugLocalResources', task ':android_alarm_manager_plus:generateDebugRFile', task ':android_alarm_manager_plus:compileDebugKotlin', task ':android_alarm_manager_plus:extractDebugAnnotations', task ':android_alarm_manager_plus:extractDeepLinksForAarDebug', task ':android_alarm_manager_plus:mergeDebugShaders', task ':android_alarm_manager_plus:compileDebugShaders', task ':android_alarm_manager_plus:generateDebugAssets', task ':android_alarm_manager_plus:mergeDebugAssets', task ':android_alarm_manager_plus:javaPreCompileDebug', task ':android_alarm_manager_plus:compileDebugJavaWithJavac', task ':android_alarm_manager_plus:mergeDebugGeneratedProguardFiles', task ':android_alarm_manager_plus:mergeDebugConsumerProguardFiles', task ':android_alarm_manager_plus:prepareDebugArtProfile', task ':android_alarm_manager_plus:prepareLintJarForPublish', task ':android_alarm_manager_plus:processDebugManifest', task ':android_alarm_manager_plus:processDebugJavaRes', task ':android_alarm_manager_plus:mergeDebugJavaResource', task ':android_alarm_manager_plus:syncDebugLibJars', task ':android_alarm_manager_plus:writeDebugAarMetadata', task ':android_alarm_manager_plus:bundleDebugAar', task ':android_alarm_manager_plus:assembleDebug', task ':app:DebugMinSdkCheck', task ':app:preBuild', task ':app:preDebugBuild', task ':app:mergeDebugNativeDebugMetadata', task ':android_alarm_manager_plus:bundleLibCompileToJarDebug', task ':app:checkKotlinGradlePluginConfigurationErrors', task ':app:compileFlutterBuildDebug', task ':app:packJniLibsflutterBuildDebug', task ':android_alarm_manager_plus:compileDebugLibraryResources', task ':app_links:preBuild', task ':app_links:preDebugBuild', task ':app_links:writeDebugAarMetadata', task ':audioplayers_android:preBuild', task ':audioplayers_android:preDebugBuild', task ':audioplayers_android:writeDebugAarMetadata', task ':camera_android_camerax:preBuild', task ':camera_android_camerax:preDebugBuild', task ':camera_android_camerax:writeDebugAarMetadata', task ':flutter_local_notifications:preBuild', task ':flutter_local_notifications:preDebugBuild', task ':flutter_local_notifications:writeDebugAarMetadata', task ':flutter_plugin_android_lifecycle:preBuild', task ':flutter_plugin_android_lifecycle:preDebugBuild', task ':flutter_plugin_android_lifecycle:writeDebugAarMetadata', task ':flutter_tts:preBuild', task ':flutter_tts:preDebugBuild', task ':flutter_tts:writeDebugAarMetadata', task ':google_mlkit_commons:preBuild', task ':google_mlkit_commons:preDebugBuild', task ':google_mlkit_commons:writeDebugAarMetadata', task ':google_mlkit_pose_detection:preBuild', task ':google_mlkit_pose_detection:preDebugBuild', task ':google_mlkit_pose_detection:writeDebugAarMetadata', task ':google_sign_in_android:preBuild', task ':google_sign_in_android:preDebugBuild', task ':google_sign_in_android:writeDebugAarMetadata', task ':path_provider_android:preBuild', task ':path_provider_android:preDebugBuild', task ':path_provider_android:writeDebugAarMetadata', task ':pedometer:preBuild', task ':pedometer:preDebugBuild', task ':pedometer:writeDebugAarMetadata', task ':sensors_plus:preBuild', task ':sensors_plus:preDebugBuild', task ':sensors_plus:writeDebugAarMetadata', task ':shared_preferences_android:preBuild', task ':shared_preferences_android:preDebugBuild', task ':shared_preferences_android:writeDebugAarMetadata', task ':url_launcher_android:preBuild', task ':url_launcher_android:preDebugBuild', task ':url_launcher_android:writeDebugAarMetadata', task ':app:checkDebugAarMetadata', task ':app:cleanMergeDebugAssets', task ':app:mergeDebugShaders', task ':app:compileDebugShaders', task ':app:generateDebugAssets', task ':app_links:mergeDebugShaders', task ':app_links:compileDebugShaders', task ':app_links:generateDebugAssets', task ':app_links:mergeDebugAssets', task ':audioplayers_android:mergeDebugShaders', task ':audioplayers_android:compileDebugShaders', task ':audioplayers_android:generateDebugAssets', task ':audioplayers_android:mergeDebugAssets', task ':camera_android_camerax:mergeDebugShaders', task ':camera_android_camerax:compileDebugShaders', task ':camera_android_camerax:generateDebugAssets', task ':camera_android_camerax:mergeDebugAssets', task ':flutter_local_notifications:mergeDebugShaders', task ':flutter_local_notifications:compileDebugShaders', task ':flutter_local_notifications:generateDebugAssets', task ':flutter_local_notifications:mergeDebugAssets', task ':flutter_plugin_android_lifecycle:mergeDebugShaders', task ':flutter_plugin_android_lifecycle:compileDebugShaders', task ':flutter_plugin_android_lifecycle:generateDebugAssets', task ':flutter_plugin_android_lifecycle:mergeDebugAssets', task ':flutter_tts:mergeDebugShaders', task ':flutter_tts:compileDebugShaders', task ':flutter_tts:generateDebugAssets', task ':flutter_tts:mergeDebugAssets', task ':google_mlkit_commons:mergeDebugShaders', task ':google_mlkit_commons:compileDebugShaders', task ':google_mlkit_commons:generateDebugAssets', task ':google_mlkit_commons:mergeDebugAssets', task ':google_mlkit_pose_detection:mergeDebugShaders', task ':google_mlkit_pose_detection:compileDebugShaders', task ':google_mlkit_pose_detection:generateDebugAssets', task ':google_mlkit_pose_detection:mergeDebugAssets', task ':google_sign_in_android:mergeDebugShaders', task ':google_sign_in_android:compileDebugShaders', task ':google_sign_in_android:generateDebugAssets', task ':google_sign_in_android:mergeDebugAssets', task ':path_provider_android:mergeDebugShaders', task ':path_provider_android:compileDebugShaders', task ':path_provider_android:generateDebugAssets', task ':path_provider_android:mergeDebugAssets', task ':pedometer:mergeDebugShaders', task ':pedometer:compileDebugShaders', task ':pedometer:generateDebugAssets', task ':pedometer:mergeDebugAssets', task ':sensors_plus:mergeDebugShaders', task ':sensors_plus:compileDebugShaders', task ':sensors_plus:generateDebugAssets', task ':sensors_plus:mergeDebugAssets', task ':shared_preferences_android:mergeDebugShaders', task ':shared_preferences_android:compileDebugShaders', task ':shared_preferences_android:generateDebugAssets', task ':shared_preferences_android:mergeDebugAssets', task ':url_launcher_android:mergeDebugShaders', task ':url_launcher_android:compileDebugShaders', task ':url_launcher_android:generateDebugAssets', task ':url_launcher_android:mergeDebugAssets', task ':app:mergeDebugAssets', task ':app:copyFlutterAssetsDebug', task ':app:generateDebugResValues', task ':app_links:generateDebugResValues', task ':app_links:generateDebugResources', task ':app_links:packageDebugResources', task ':audioplayers_android:generateDebugResValues', task ':audioplayers_android:generateDebugResources', task ':audioplayers_android:packageDebugResources', task ':camera_android_camerax:generateDebugResValues', task ':camera_android_camerax:generateDebugResources', task ':camera_android_camerax:packageDebugResources', task ':flutter_local_notifications:generateDebugResValues', task ':flutter_local_notifications:generateDebugResources', task ':flutter_local_notifications:packageDebugResources', task ':flutter_plugin_android_lifecycle:generateDebugResValues', task ':flutter_plugin_android_lifecycle:generateDebugResources', task ':flutter_plugin_android_lifecycle:packageDebugResources', task ':flutter_tts:generateDebugResValues', task ':flutter_tts:generateDebugResources', task ':flutter_tts:packageDebugResources', task ':google_mlkit_commons:generateDebugResValues', task ':google_mlkit_commons:generateDebugResources', task ':google_mlkit_commons:packageDebugResources', task ':google_mlkit_pose_detection:generateDebugResValues', task ':google_mlkit_pose_detection:generateDebugResources', task ':google_mlkit_pose_detection:packageDebugResources', task ':google_sign_in_android:generateDebugResValues', task ':google_sign_in_android:generateDebugResources', task ':google_sign_in_android:packageDebugResources', task ':path_provider_android:generateDebugResValues', task ':path_provider_android:generateDebugResources', task ':path_provider_android:packageDebugResources', task ':pedometer:generateDebugResValues', task ':pedometer:generateDebugResources', task ':pedometer:packageDebugResources', task ':sensors_plus:generateDebugResValues', task ':sensors_plus:generateDebugResources', task ':sensors_plus:packageDebugResources', task ':shared_preferences_android:generateDebugResValues', task ':shared_preferences_android:generateDebugResources', task ':shared_preferences_android:packageDebugResources', task ':url_launcher_android:generateDebugResValues', task ':url_launcher_android:generateDebugResources', task ':url_launcher_android:packageDebugResources', task ':app:mapDebugSourceSetPaths', task ':app:generateDebugResources', task ':app:mergeDebugResources', task ':app:packageDebugResources', task ':app:parseDebugLocalResources', task ':app:createDebugCompatibleScreenManifests', task ':android_alarm_manager_plus:extractDeepLinksDebug', task ':app:extractDeepLinksDebug', task ':app_links:extractDeepLinksDebug', task ':app_links:processDebugManifest', task ':audioplayers_android:extractDeepLinksDebug', task ':audioplayers_android:processDebugManifest', task ':camera_android_camerax:extractDeepLinksDebug', task ':camera_android_camerax:processDebugManifest', task ':flutter_local_notifications:extractDeepLinksDebug', task ':flutter_local_notifications:processDebugManifest', task ':flutter_plugin_android_lifecycle:extractDeepLinksDebug', task ':flutter_plugin_android_lifecycle:processDebugManifest', task ':flutter_tts:extractDeepLinksDebug', task ':flutter_tts:processDebugManifest', task ':google_mlkit_commons:extractDeepLinksDebug', task ':google_mlkit_commons:processDebugManifest', task ':google_mlkit_pose_detection:extractDeepLinksDebug', task ':google_mlkit_pose_detection:processDebugManifest', task ':google_sign_in_android:extractDeepLinksDebug', task ':google_sign_in_android:processDebugManifest', task ':path_provider_android:extractDeepLinksDebug', task ':path_provider_android:processDebugManifest', task ':pedometer:extractDeepLinksDebug', task ':pedometer:processDebugManifest', task ':sensors_plus:extractDeepLinksDebug', task ':sensors_plus:processDebugManifest', task ':shared_preferences_android:extractDeepLinksDebug', task ':shared_preferences_android:processDebugManifest', task ':url_launcher_android:extractDeepLinksDebug', task ':url_launcher_android:processDebugManifest', task ':app:processDebugMainManifest', task ':app:outputDebugAppLinkSettings', task ':app:processDebugManifest', task ':app:processDebugManifestForPackage', task ':app_links:compileDebugLibraryResources', task ':app_links:parseDebugLocalResources', task ':app_links:generateDebugRFile', task ':audioplayers_android:compileDebugLibraryResources', task ':audioplayers_android:parseDebugLocalResources', task ':audioplayers_android:generateDebugRFile', task ':camera_android_camerax:compileDebugLibraryResources', task ':camera_android_camerax:parseDebugLocalResources', task ':camera_android_camerax:generateDebugRFile', task ':flutter_local_notifications:compileDebugLibraryResources', task ':flutter_local_notifications:parseDebugLocalResources', task ':flutter_local_notifications:generateDebugRFile', task ':flutter_plugin_android_lifecycle:compileDebugLibraryResources', task ':flutter_plugin_android_lifecycle:parseDebugLocalResources', task ':flutter_plugin_android_lifecycle:generateDebugRFile', task ':flutter_tts:compileDebugLibraryResources', task ':flutter_tts:parseDebugLocalResources', task ':flutter_tts:generateDebugRFile', task ':google_mlkit_commons:compileDebugLibraryResources', task ':google_mlkit_commons:parseDebugLocalResources', task ':google_mlkit_commons:generateDebugRFile', task ':google_mlkit_pose_detection:compileDebugLibraryResources', task ':google_mlkit_pose_detection:parseDebugLocalResources', task ':google_mlkit_pose_detection:generateDebugRFile', task ':google_sign_in_android:compileDebugLibraryResources', task ':google_sign_in_android:parseDebugLocalResources', task ':google_sign_in_android:generateDebugRFile', task ':path_provider_android:compileDebugLibraryResources', task ':path_provider_android:parseDebugLocalResources', task ':path_provider_android:generateDebugRFile', task ':pedometer:compileDebugLibraryResources', task ':pedometer:parseDebugLocalResources', task ':pedometer:generateDebugRFile', task ':sensors_plus:compileDebugLibraryResources', task ':sensors_plus:parseDebugLocalResources', task ':sensors_plus:generateDebugRFile', task ':shared_preferences_android:compileDebugLibraryResources', task ':shared_preferences_android:parseDebugLocalResources', task ':shared_preferences_android:generateDebugRFile', task ':url_launcher_android:compileDebugLibraryResources', task ':url_launcher_android:parseDebugLocalResources', task ':url_launcher_android:generateDebugRFile', task ':app:processDebugResources', task ':app_links:javaPreCompileDebug', task ':app_links:compileDebugJavaWithJavac', task ':app_links:bundleLibCompileToJarDebug', task ':audioplayers_android:checkKotlinGradlePluginConfigurationErrors', task ':audioplayers_android:compileDebugKotlin', task ':audioplayers_android:javaPreCompileDebug', task ':audioplayers_android:compileDebugJavaWithJavac', task ':audioplayers_android:bundleLibCompileToJarDebug', task ':camera_android_camerax:checkKotlinGradlePluginConfigurationErrors', task ':camera_android_camerax:compileDebugKotlin', task ':camera_android_camerax:javaPreCompileDebug', task ':camera_android_camerax:compileDebugJavaWithJavac', task ':camera_android_camerax:bundleLibCompileToJarDebug', task ':flutter_local_notifications:javaPreCompileDebug', task ':flutter_local_notifications:compileDebugJavaWithJavac', task ':flutter_local_notifications:bundleLibCompileToJarDebug', task ':flutter_plugin_android_lifecycle:javaPreCompileDebug', task ':flutter_plugin_android_lifecycle:compileDebugJavaWithJavac', task ':flutter_plugin_android_lifecycle:bundleLibCompileToJarDebug', task ':flutter_tts:checkKotlinGradlePluginConfigurationErrors', task ':flutter_tts:compileDebugKotlin', task ':flutter_tts:javaPreCompileDebug', task ':flutter_tts:compileDebugJavaWithJavac', task ':flutter_tts:bundleLibCompileToJarDebug', task ':google_mlkit_commons:javaPreCompileDebug', task ':google_mlkit_commons:compileDebugJavaWithJavac', task ':google_mlkit_commons:bundleLibCompileToJarDebug', task ':google_mlkit_pose_detection:javaPreCompileDebug', task ':google_mlkit_pose_detection:compileDebugJavaWithJavac', task ':google_mlkit_pose_detection:bundleLibCompileToJarDebug', task ':google_sign_in_android:javaPreCompileDebug', task ':google_sign_in_android:compileDebugJavaWithJavac', task ':google_sign_in_android:bundleLibCompileToJarDebug', task ':path_provider_android:javaPreCompileDebug', task ':path_provider_android:compileDebugJavaWithJavac', task ':path_provider_android:bundleLibCompileToJarDebug', task ':pedometer:checkKotlinGradlePluginConfigurationErrors', task ':pedometer:compileDebugKotlin', task ':pedometer:javaPreCompileDebug', task ':pedometer:compileDebugJavaWithJavac', task ':pedometer:bundleLibCompileToJarDebug', task ':sensors_plus:checkKotlinGradlePluginConfigurationErrors', task ':sensors_plus:compileDebugKotlin', task ':sensors_plus:javaPreCompileDebug', task ':sensors_plus:compileDebugJavaWithJavac', task ':sensors_plus:bundleLibCompileToJarDebug', task ':shared_preferences_android:checkKotlinGradlePluginConfigurationErrors', task ':shared_preferences_android:compileDebugKotlin', task ':shared_preferences_android:javaPreCompileDebug', task ':shared_preferences_android:compileDebugJavaWithJavac', task ':shared_preferences_android:bundleLibCompileToJarDebug', task ':url_launcher_android:generateDebugBuildConfig', task ':url_launcher_android:javaPreCompileDebug', task ':url_launcher_android:compileDebugJavaWithJavac', task ':url_launcher_android:bundleLibCompileToJarDebug', task ':app:compileDebugKotlin', task ':app:javaPreCompileDebug', task ':app:compileDebugJavaWithJavac', task ':app:compressDebugAssets', task ':android_alarm_manager_plus:bundleLibRuntimeToJarDebug', task ':app_links:bundleLibRuntimeToJarDebug', task ':audioplayers_android:bundleLibRuntimeToJarDebug', task ':camera_android_camerax:bundleLibRuntimeToJarDebug', task ':flutter_local_notifications:bundleLibRuntimeToJarDebug', task ':flutter_plugin_android_lifecycle:bundleLibRuntimeToJarDebug', task ':flutter_tts:bundleLibRuntimeToJarDebug', task ':google_mlkit_pose_detection:bundleLibRuntimeToJarDebug', task ':google_mlkit_commons:bundleLibRuntimeToJarDebug', task ':google_sign_in_android:bundleLibRuntimeToJarDebug', task ':path_provider_android:bundleLibRuntimeToJarDebug', task ':pedometer:bundleLibRuntimeToJarDebug', task ':sensors_plus:bundleLibRuntimeToJarDebug', task ':shared_preferences_android:bundleLibRuntimeToJarDebug', task ':url_launcher_android:bundleLibRuntimeToJarDebug', task ':app:desugarDebugFileDependencies', task ':app:dexBuilderDebug', task ':app:mergeDebugGlobalSynthetics', task ':app:processDebugJavaRes', task ':app_links:processDebugJavaRes', task ':audioplayers_android:processDebugJavaRes', task ':camera_android_camerax:processDebugJavaRes', task ':flutter_local_notifications:processDebugJavaRes', task ':flutter_plugin_android_lifecycle:processDebugJavaRes', task ':flutter_tts:processDebugJavaRes', task ':google_mlkit_commons:processDebugJavaRes', task ':google_mlkit_pose_detection:processDebugJavaRes', task ':google_sign_in_android:processDebugJavaRes', task ':path_provider_android:processDebugJavaRes', task ':pedometer:processDebugJavaRes', task ':sensors_plus:processDebugJavaRes', task ':shared_preferences_android:processDebugJavaRes', task ':url_launcher_android:processDebugJavaRes', task ':app:mergeDebugJavaResource', task ':app:checkDebugDuplicateClasses', task ':app:mergeExtDexDebug', task ':android_alarm_manager_plus:bundleLibRuntimeToDirDebug', task ':app_links:bundleLibRuntimeToDirDebug', task ':audioplayers_android:bundleLibRuntimeToDirDebug', task ':camera_android_camerax:bundleLibRuntimeToDirDebug', task ':flutter_local_notifications:bundleLibRuntimeToDirDebug', task ':flutter_plugin_android_lifecycle:bundleLibRuntimeToDirDebug', task ':flutter_tts:bundleLibRuntimeToDirDebug', task ':google_mlkit_pose_detection:bundleLibRuntimeToDirDebug', task ':google_mlkit_commons:bundleLibRuntimeToDirDebug', task ':google_sign_in_android:bundleLibRuntimeToDirDebug', task ':path_provider_android:bundleLibRuntimeToDirDebug', task ':pedometer:bundleLibRuntimeToDirDebug', task ':sensors_plus:bundleLibRuntimeToDirDebug', task ':shared_preferences_android:bundleLibRuntimeToDirDebug', task ':url_launcher_android:bundleLibRuntimeToDirDebug', task ':app:mergeLibDexDebug', task ':app:mergeProjectDexDebug', task ':android_alarm_manager_plus:copyDebugJniLibsProjectOnly', task ':app:configureCMakeDebug[arm64-v8a]', task ':app:buildCMakeDebug[arm64-v8a]', task ':app:configureCMakeDebug[armeabi-v7a]', task ':app:buildCMakeDebug[armeabi-v7a]', task ':app:configureCMakeDebug[x86_64]', task ':app:buildCMakeDebug[x86_64]', task ':app:mergeDebugJniLibFolders', task ':app_links:mergeDebugJniLibFolders', task ':app_links:mergeDebugNativeLibs', task ':app_links:copyDebugJniLibsProjectOnly', task ':audioplayers_android:mergeDebugJniLibFolders', task ':audioplayers_android:mergeDebugNativeLibs', task ':audioplayers_android:copyDebugJniLibsProjectOnly', task ':camera_android_camerax:mergeDebugJniLibFolders', task ':camera_android_camerax:mergeDebugNativeLibs', task ':camera_android_camerax:copyDebugJniLibsProjectOnly', task ':flutter_local_notifications:mergeDebugJniLibFolders', task ':flutter_local_notifications:mergeDebugNativeLibs', task ':flutter_local_notifications:copyDebugJniLibsProjectOnly', task ':flutter_plugin_android_lifecycle:mergeDebugJniLibFolders', task ':flutter_plugin_android_lifecycle:mergeDebugNativeLibs', task ':flutter_plugin_android_lifecycle:copyDebugJniLibsProjectOnly', task ':flutter_tts:mergeDebugJniLibFolders', task ':flutter_tts:mergeDebugNativeLibs', task ':flutter_tts:copyDebugJniLibsProjectOnly', task ':google_mlkit_commons:mergeDebugJniLibFolders', task ':google_mlkit_commons:mergeDebugNativeLibs', task ':google_mlkit_commons:copyDebugJniLibsProjectOnly', task ':google_mlkit_pose_detection:mergeDebugJniLibFolders', task ':google_mlkit_pose_detection:mergeDebugNativeLibs', task ':google_mlkit_pose_detection:copyDebugJniLibsProjectOnly', task ':google_sign_in_android:mergeDebugJniLibFolders', task ':google_sign_in_android:mergeDebugNativeLibs', task ':google_sign_in_android:copyDebugJniLibsProjectOnly', task ':path_provider_android:mergeDebugJniLibFolders', task ':path_provider_android:mergeDebugNativeLibs', task ':path_provider_android:copyDebugJniLibsProjectOnly', task ':pedometer:mergeDebugJniLibFolders', task ':pedometer:mergeDebugNativeLibs', task ':pedometer:copyDebugJniLibsProjectOnly', task ':sensors_plus:mergeDebugJniLibFolders', task ':sensors_plus:mergeDebugNativeLibs', task ':sensors_plus:copyDebugJniLibsProjectOnly', task ':shared_preferences_android:mergeDebugJniLibFolders', task ':shared_preferences_android:mergeDebugNativeLibs', task ':shared_preferences_android:copyDebugJniLibsProjectOnly', task ':url_launcher_android:mergeDebugJniLibFolders', task ':url_launcher_android:mergeDebugNativeLibs', task ':url_launcher_android:copyDebugJniLibsProjectOnly', task ':app:mergeDebugNativeLibs', task ':app:stripDebugDebugSymbols', task ':app:validateSigningDebug', task ':app:writeDebugAppMetadata', task ':app:writeDebugSigningConfigVersions', task ':app:packageDebug', task ':app:createDebugApkListingFileRedirect', task ':app:assembleDebug', task ':app_links:stripDebugDebugSymbols', task ':app_links:copyDebugJniLibsProjectAndLocalJars', task ':app_links:extractDebugAnnotations', task ':app_links:extractDeepLinksForAarDebug', task ':app_links:mergeDebugGeneratedProguardFiles', task ':app_links:mergeDebugConsumerProguardFiles', task ':app_links:prepareDebugArtProfile', task ':app_links:prepareLintJarForPublish', task ':app_links:mergeDebugJavaResource', task ':app_links:syncDebugLibJars', task ':app_links:bundleDebugAar', task ':app_links:assembleDebug', task ':audioplayers_android:stripDebugDebugSymbols', task ':audioplayers_android:copyDebugJniLibsProjectAndLocalJars', task ':audioplayers_android:extractDebugAnnotations', task ':audioplayers_android:extractDeepLinksForAarDebug', task ':audioplayers_android:mergeDebugGeneratedProguardFiles', task ':audioplayers_android:mergeDebugConsumerProguardFiles', task ':audioplayers_android:prepareDebugArtProfile', task ':audioplayers_android:prepareLintJarForPublish', task ':audioplayers_android:mergeDebugJavaResource', task ':audioplayers_android:syncDebugLibJars', task ':audioplayers_android:bundleDebugAar', task ':audioplayers_android:assembleDebug', task ':camera_android_camerax:stripDebugDebugSymbols', task ':camera_android_camerax:copyDebugJniLibsProjectAndLocalJars', task ':camera_android_camerax:extractDebugAnnotations', task ':camera_android_camerax:extractDeepLinksForAarDebug', task ':camera_android_camerax:mergeDebugGeneratedProguardFiles', task ':camera_android_camerax:mergeDebugConsumerProguardFiles', task ':camera_android_camerax:prepareDebugArtProfile', task ':camera_android_camerax:prepareLintJarForPublish', task ':camera_android_camerax:mergeDebugJavaResource', task ':camera_android_camerax:syncDebugLibJars', task ':camera_android_camerax:bundleDebugAar', task ':camera_android_camerax:assembleDebug', task ':flutter_local_notifications:stripDebugDebugSymbols', task ':flutter_local_notifications:copyDebugJniLibsProjectAndLocalJars', task ':flutter_local_notifications:extractDebugAnnotations', task ':flutter_local_notifications:extractDeepLinksForAarDebug', task ':flutter_local_notifications:mergeDebugGeneratedProguardFiles', task ':flutter_local_notifications:mergeDebugConsumerProguardFiles', task ':flutter_local_notifications:prepareDebugArtProfile', task ':flutter_local_notifications:prepareLintJarForPublish', task ':flutter_local_notifications:mergeDebugJavaResource', task ':flutter_local_notifications:syncDebugLibJars', task ':flutter_local_notifications:bundleDebugAar', task ':flutter_local_notifications:assembleDebug', task ':flutter_plugin_android_lifecycle:stripDebugDebugSymbols', task ':flutter_plugin_android_lifecycle:copyDebugJniLibsProjectAndLocalJars', task ':flutter_plugin_android_lifecycle:extractDebugAnnotations', task ':flutter_plugin_android_lifecycle:extractDeepLinksForAarDebug', task ':flutter_plugin_android_lifecycle:mergeDebugGeneratedProguardFiles', task ':flutter_plugin_android_lifecycle:mergeDebugConsumerProguardFiles', task ':flutter_plugin_android_lifecycle:prepareDebugArtProfile', task ':flutter_plugin_android_lifecycle:prepareLintJarForPublish', task ':flutter_plugin_android_lifecycle:mergeDebugJavaResource', task ':flutter_plugin_android_lifecycle:syncDebugLibJars', task ':flutter_plugin_android_lifecycle:bundleDebugAar', task ':flutter_plugin_android_lifecycle:assembleDebug', task ':flutter_tts:stripDebugDebugSymbols', task ':flutter_tts:copyDebugJniLibsProjectAndLocalJars', task ':flutter_tts:extractDebugAnnotations', task ':flutter_tts:extractDeepLinksForAarDebug', task ':flutter_tts:mergeDebugGeneratedProguardFiles', task ':flutter_tts:mergeDebugConsumerProguardFiles', task ':flutter_tts:prepareDebugArtProfile', task ':flutter_tts:prepareLintJarForPublish', task ':flutter_tts:mergeDebugJavaResource', task ':flutter_tts:syncDebugLibJars', task ':flutter_tts:bundleDebugAar', task ':flutter_tts:assembleDebug', task ':google_mlkit_commons:stripDebugDebugSymbols', task ':google_mlkit_commons:copyDebugJniLibsProjectAndLocalJars', task ':google_mlkit_commons:extractDebugAnnotations', task ':google_mlkit_commons:extractDeepLinksForAarDebug', task ':google_mlkit_commons:mergeDebugGeneratedProguardFiles', task ':google_mlkit_commons:mergeDebugConsumerProguardFiles', task ':google_mlkit_commons:prepareDebugArtProfile', task ':google_mlkit_commons:prepareLintJarForPublish', task ':google_mlkit_commons:mergeDebugJavaResource', task ':google_mlkit_commons:syncDebugLibJars', task ':google_mlkit_commons:bundleDebugAar', task ':google_mlkit_commons:assembleDebug', task ':google_mlkit_pose_detection:stripDebugDebugSymbols', task ':google_mlkit_pose_detection:copyDebugJniLibsProjectAndLocalJars', task ':google_mlkit_pose_detection:extractDebugAnnotations', task ':google_mlkit_pose_detection:extractDeepLinksForAarDebug', task ':google_mlkit_pose_detection:mergeDebugGeneratedProguardFiles', task ':google_mlkit_pose_detection:mergeDebugConsumerProguardFiles', task ':google_mlkit_pose_detection:prepareDebugArtProfile', task ':google_mlkit_pose_detection:prepareLintJarForPublish', task ':google_mlkit_pose_detection:mergeDebugJavaResource', task ':google_mlkit_pose_detection:syncDebugLibJars', task ':google_mlkit_pose_detection:bundleDebugAar', task ':google_mlkit_pose_detection:assembleDebug', task ':google_sign_in_android:stripDebugDebugSymbols', task ':google_sign_in_android:copyDebugJniLibsProjectAndLocalJars', task ':google_sign_in_android:extractDebugAnnotations', task ':google_sign_in_android:extractDeepLinksForAarDebug', task ':google_sign_in_android:mergeDebugGeneratedProguardFiles', task ':google_sign_in_android:mergeDebugConsumerProguardFiles', task ':google_sign_in_android:prepareDebugArtProfile', task ':google_sign_in_android:prepareLintJarForPublish', task ':google_sign_in_android:mergeDebugJavaResource', task ':google_sign_in_android:syncDebugLibJars', task ':google_sign_in_android:bundleDebugAar', task ':google_sign_in_android:assembleDebug', task ':path_provider_android:stripDebugDebugSymbols', task ':path_provider_android:copyDebugJniLibsProjectAndLocalJars', task ':path_provider_android:extractDebugAnnotations', task ':path_provider_android:extractDeepLinksForAarDebug', task ':path_provider_android:mergeDebugGeneratedProguardFiles', task ':path_provider_android:mergeDebugConsumerProguardFiles', task ':path_provider_android:prepareDebugArtProfile', task ':path_provider_android:prepareLintJarForPublish', task ':path_provider_android:mergeDebugJavaResource', task ':path_provider_android:syncDebugLibJars', task ':path_provider_android:bundleDebugAar', task ':path_provider_android:assembleDebug', task ':pedometer:stripDebugDebugSymbols', task ':pedometer:copyDebugJniLibsProjectAndLocalJars', task ':pedometer:extractDebugAnnotations', task ':pedometer:extractDeepLinksForAarDebug', task ':pedometer:mergeDebugGeneratedProguardFiles', task ':pedometer:mergeDebugConsumerProguardFiles', task ':pedometer:prepareDebugArtProfile', task ':pedometer:prepareLintJarForPublish', task ':pedometer:mergeDebugJavaResource', task ':pedometer:syncDebugLibJars', task ':pedometer:bundleDebugAar', task ':pedometer:assembleDebug', task ':sensors_plus:stripDebugDebugSymbols', task ':sensors_plus:copyDebugJniLibsProjectAndLocalJars', task ':sensors_plus:extractDebugAnnotations', task ':sensors_plus:extractDeepLinksForAarDebug', task ':sensors_plus:mergeDebugGeneratedProguardFiles', task ':sensors_plus:mergeDebugConsumerProguardFiles', task ':sensors_plus:prepareDebugArtProfile', task ':sensors_plus:prepareLintJarForPublish', task ':sensors_plus:mergeDebugJavaResource', task ':sensors_plus:syncDebugLibJars', task ':sensors_plus:bundleDebugAar', task ':sensors_plus:assembleDebug', task ':shared_preferences_android:stripDebugDebugSymbols', task ':shared_preferences_android:copyDebugJniLibsProjectAndLocalJars', task ':shared_preferences_android:extractDebugAnnotations', task ':shared_preferences_android:extractDeepLinksForAarDebug', task ':shared_preferences_android:mergeDebugGeneratedProguardFiles', task ':shared_preferences_android:mergeDebugConsumerProguardFiles', task ':shared_preferences_android:prepareDebugArtProfile', task ':shared_preferences_android:prepareLintJarForPublish', task ':shared_preferences_android:mergeDebugJavaResource', task ':shared_preferences_android:syncDebugLibJars', task ':shared_preferences_android:bundleDebugAar', task ':shared_preferences_android:assembleDebug', task ':url_launcher_android:stripDebugDebugSymbols', task ':url_launcher_android:copyDebugJniLibsProjectAndLocalJars', task ':url_launcher_android:extractDebugAnnotations', task ':url_launcher_android:extractDeepLinksForAarDebug', task ':url_launcher_android:mergeDebugGeneratedProguardFiles', task ':url_launcher_android:mergeDebugConsumerProguardFiles', task ':url_launcher_android:prepareDebugArtProfile', task ':url_launcher_android:prepareLintJarForPublish', task ':url_launcher_android:mergeDebugJavaResource', task ':url_launcher_android:syncDebugLibJars', task ':url_launcher_android:bundleDebugAar', task ':url_launcher_android:assembleDebug']
  verbose.log:424:[   +4 ms] Tasks that were excluded: []
  verbose.log:425:[        ] work action Parameters of IdentityTransform (Thread[#1034,Execution worker Thread 2,5,main]) started.
  verbose.log:426:[        ] work action Parameters of DexingNoClasspathTransform (Thread[#1034,Execution worker Thread 2,5,main]) started.
  verbose.log:427:[        ] work action Parameters of DexingOutputSplitTransform (Thread[#1034,Execution worker Thread 2,5,main]) started.
  verbose.log:428:[        ] work action Parameters of ClassesDirToClassesTransform (Thread[#1034,Execution worker Thread 2,5,main]) started.
  verbose.log:1030:[        ] :app_links:mergeDebugAssets (Thread[#1038,Execution worker Thread 6,5,main]) started.
> verbose.log:1031:[        ] > Task :app:checkDebugAarMetadata FAILED
  verbose.log:1032:[        ] Caching disabled for task ':app:checkDebugAarMetadata' because:
  verbose.log:1033:[        ]   Build cache is disabled
  verbose.log:1034:[        ]   Caching has been disabled for the task
  verbose.log:1035:[        ] Task ':app:checkDebugAarMetadata' is not up-to-date because:
  verbose.log:1036:[        ]   Input property 'aarMetadataFiles' file D:\Flutter Projects\kasrat_ai\build\flutter_local_notifications\intermediates\aar_metadata\debug\writeDebugAarMetadata\aar-metadata.properties has been added.

